
> auramed-ai-frontend@0.0.0 build
> vite build

[36mvite v5.4.21 [32mbuilding for production...[36m[39m
transforming...
[32mΓ£ô[39m 33 modules transformed.
npm : [31mx[39m Build failed in 
494ms
At line:1 char:1
+ npm run build 2>&1 | tee 
build_error.log
+ ~~~~~~~~~~~~~~~~~~
    + CategoryInfo          : Not 
   Specified: ([31mx[39m Build  
   failed in 494ms:String) [],    
 RemoteException
    + FullyQualifiedErrorId : Nat 
   iveCommandError
 
[31merror during build:
[31m[vite]: Rollup failed to 
resolve import "axios" from "C:/Us
ers/shrir/Desktop/frontend/src/ser
vices/api.js".
This is most likely unintended 
because it can break your 
application at runtime.
If you do want to externalize 
this module explicitly add it to
`build.rollupOptions.external`[31
m
    at viteWarn (file:///C:/Users/
shrir/Desktop/frontend/node_module
s/vite/dist/node/chunks/dep-BK3b2j
Ba.js:65855:17)
    at onwarn (file:///C:/Users/sh
rir/Desktop/frontend/node_modules/
@vitejs/plugin-react/dist/index.js
:90:7)
    at onRollupWarning (file:///C:
/Users/shrir/Desktop/frontend/node
_modules/vite/dist/node/chunks/dep
-BK3b2jBa.js:65885:5)
    at onwarn (file:///C:/Users/sh
rir/Desktop/frontend/node_modules/
vite/dist/node/chunks/dep-BK3b2jBa
.js:65550:7)
    at file:///C:/Users/shrir/Desk
top/frontend/node_modules/rollup/d
ist/es/shared/node-entry.js:21383:
13
    at Object.logger [as onLog] (f
ile:///C:/Users/shrir/Desktop/fron
tend/node_modules/rollup/dist/es/s
hared/node-entry.js:23364:9)
    at ModuleLoader.handleInvalidR
esolvedId (file:///C:/Users/shrir/
Desktop/frontend/node_modules/roll
up/dist/es/shared/node-entry.js:22
108:26)
    at file:///C:/Users/shrir/Desk
top/frontend/node_modules/rollup/d
ist/es/shared/node-entry.js:22066:
26[39m
